// Jest Snapshot v1, https://goo.gl/fbAQLP

exports[`add features render add features  1`] = `ShallowWrapper {}`;

exports[`add features should call handleInputFeatureChange method 1`] = `ShallowWrapper {}`;
