// Jest Snapshot v1, https://goo.gl/fbAQLP

exports[`Administration render administration  1`] = `ShallowWrapper {}`;
