// Jest Snapshot v1, https://goo.gl/fbAQLP

exports[`Create detail reservation render card detail reservation  1`] = `ShallowWrapper {}`;
