// Jest Snapshot v1, https://goo.gl/fbAQLP

exports[`Button render home admin  1`] = `ShallowWrapper {}`;
