// Jest Snapshot v1, https://goo.gl/fbAQLP

exports[`<Login /> render add features  1`] = `ShallowWrapper {}`;
