// Jest Snapshot v1, https://goo.gl/fbAQLP

exports[`Modify Product Policy render Modify Product Policy 1`] = `ShallowWrapper {}`;
