// Jest Snapshot v1, https://goo.gl/fbAQLP

exports[`Private Route render  Private Route  1`] = `ShallowWrapper {}`;
