// Jest Snapshot v1, https://goo.gl/fbAQLP

exports[` Product Details render  Product Details 1`] = `ShallowWrapper {}`;
