// Jest Snapshot v1, https://goo.gl/fbAQLP

exports[`ReservationByUser render Reservation by user  1`] = `ShallowWrapper {}`;
